
Lab - Entering Commands
==========
Follow the instructions line-by-line.  

* Type in the commands as is, but ignore the beginning prompt.  
* Enter, tab, up and down are represented by <ENTER><TAB>,<UP> and <DOWN>.  
* "No output" or "nothing happens" are valid answers to any of the questions.
==========



==========
1. Open Terminal.  Type:

$ ls<ENTER>

Copy and paste the output of ls below.
----------
Adlm			Desktop			Library			Music			Public			drills.py		pymel.log
Adobe			Documents		MPLABXProjects		New Unity Project	QLData			ipe.properties		xgen
Applications		Downloads		Movies			Pictures		Things			isus



==========
2a. Type: 

$ ls D<TAB>

What happens?  Describe it below.
----------

NOTHING APPEARS ON THE TERMINAL

==========
2b. Press <TAB> one more time.  Copy and paste the output below.
----------

Desktop/   Documents/ Downloads/ 


==========
2c. Now press <ENTER>. Copy and paste the output below.
----------

LS: D: No such file or directory


==========
3.  Type:

$ ls -l Documents<ENTER>

Copy and paste the first *two lines* of output below.
----------

documents:
Ableton			Avid Projects		Max 7			Pd			Smaart v8		eagle
Adobe			Fritzing		MuseLog.txt		Pro Tools		Temporary Work		iChats
Adobe Flash Builder 4.7	MATLAB			NewBlue			Processing		Unreal Projects		maya
Arduino			MakeHuman		ONE GUN.eps		REAPER Media		Untitled


==========
4.  Type:

$ ls -a Documents

Copy and paste the first *two lines* of output below.
----------

.			.localized		Arduino			MakeHuman		ONE GUN.eps		REAPER Media		Untitled
..			Ableton			Avid Projects		Max 7			Pd			Smaart v8		eagle
.DS_Store		Adobe			Fritzing		MuseLog.txt		Pro Tools		Temporary Work		iChats
.TmThBHyOVRrMJdi0	Adobe Flash Builder 4.7	MATLAB			NewBlue			Processing		Unreal Projects		maya


==========
5.  Type:

<UP><ENTER>

What command was repeated?
----------



<UP><ENTER>
==========
6.  Type:

<UP><UP><UP><DOWN><ENTER>

What command was repeated?
----------
ls -a


==========
7.  Type:

$ ls /Vol<TAB><ENTER>

What is the result of pressing tab?
----------

no such file or directory

==========
8.  Type:

$ ls doesnotexist

Copy and paste the output below.
----------

ls: doesnotexist: No such file or directory

==========
9.  What key do I press to go to the previous command?
----------

<up>

==========
10.  Name two flags that we used in this exercise.
----------

ls - a
ls - a documents


==========
11.  What key do I use to attempt to autocomplete a command or a file name?
----------


tab
==========
12.  What was the main command that we used throughout this exercise?
----------

enter

==========
13.  Name one argument that we passed to the command.
----------

ls desktop

==========
14.  Type:

$ foo<ENTER>

Copy and paste the output below.
----------

-bash: foo: command not found

==========
15.  Type:

<UP><ENTER>

Copy and paste the output below.
----------

-bash: foo: command not found

==========
16.  In the following line....

$ ls -a Desktop

What is the command, flag, argument, and prompt?
----------
-a is flag
desktop is the argument
ls is the command
the terminal is the promt
